# serializer version: 1
# name: test_convert
  '''
  {
  "type": "FeatureCollection",
  "crs": { "type": "name", "properties": { "name": "urn:ogc:def:crs:OGC:1.3:CRS84" } },
  "features": [
  { "type": "Feature", "properties": { "id": "DEHH_00000001-0000-2001-b538-8763db60db60", "lage": "1000", "bodenhoehe": "1300", "surface_type": "ground" }, "geometry": { "type": "Polygon", "coordinates": [ [ [ 8.495865635956811, 53.915932415761503 ], [ 8.495879797235796, 53.915956275830453 ], [ 8.495949122771419, 53.91594192513098 ], [ 8.49593494623328, 53.915918065006167 ], [ 8.495865635956811, 53.915932415761503 ] ] ] } },
  { "type": "Feature", "properties": { "id": "DEHH_00000002-0000-2001-b538-8763db60db60", "lage": "1000", "bodenhoehe": "1300", "surface_type": "ground" }, "geometry": { "type": "Polygon", "coordinates": [ [ [ 8.489742551194936, 53.914275016543385 ], [ 8.489445805017125, 53.914289098077063 ], [ 8.489461466742043, 53.914404284953463 ], [ 8.489758213622176, 53.914390212370876 ], [ 8.489742551194936, 53.914275016543385 ] ] ] } }
  ]
  }
  
  '''
# ---
# name: test_convert.1
  '''
  {
  "type": "FeatureCollection",
  "crs": { "type": "name", "properties": { "name": "urn:ogc:def:crs:OGC:1.3:CRS84" } },
  "features": [
  { "type": "Feature", "properties": { "id": "DEHH_00000001-0007-2000-b538-8763db60db60", "dachhoehe": "5000", "measuredHeight": "3.726", "surface_type": "roof" }, "geometry": { "type": "Polygon", "coordinates": [ [ [ 8.495879797235796, 53.915956275830453 ], [ 8.495865635956811, 53.915932415761503 ], [ 8.495900298659025, 53.915925244914654 ], [ 8.495914459955397, 53.915949104979575 ], [ 8.495879797235796, 53.915956275830453 ] ] ] } },
  { "type": "Feature", "properties": { "id": "DEHH_00000001-0008-2000-b538-8763db60db60", "dachhoehe": "5000", "measuredHeight": "3.726", "surface_type": "roof" }, "geometry": { "type": "Polygon", "coordinates": [ [ [ 8.49593494623328, 53.915918065006167 ], [ 8.495949122771419, 53.91594192513098 ], [ 8.495914459955397, 53.915949104979575 ], [ 8.495900298659025, 53.915925244914654 ], [ 8.49593494623328, 53.915918065006167 ] ] ] } },
  { "type": "Feature", "properties": { "id": "DEHH_00000002-0005-2000-b538-8763db60db60", "dachhoehe": "5000", "measuredHeight": "8.968", "surface_type": "roof" }, "geometry": { "type": "Polygon", "coordinates": [ [ [ 8.489461466742043, 53.914404284953463 ], [ 8.489445805017125, 53.914289098077063 ], [ 8.489501826712122, 53.914344406666807 ], [ 8.489461466742043, 53.914404284953463 ] ] ] } },
  { "type": "Feature", "properties": { "id": "DEHH_00000002-0007-2000-b538-8763db60db60", "dachhoehe": "5000", "measuredHeight": "8.968", "surface_type": "roof" }, "geometry": { "type": "Polygon", "coordinates": [ [ [ 8.489445805017125, 53.914289098077063 ], [ 8.489742551194936, 53.914275016543385 ], [ 8.489750389955146, 53.914332618983828 ], [ 8.489501826712122, 53.914344406666807 ], [ 8.489445805017125, 53.914289098077063 ] ] ] } },
  { "type": "Feature", "properties": { "id": "DEHH_00000002-0008-2000-b538-8763db60db60", "dachhoehe": "5000", "measuredHeight": "8.968", "surface_type": "roof" }, "geometry": { "type": "Polygon", "coordinates": [ [ [ 8.489758213622176, 53.914390212370876 ], [ 8.489461466742043, 53.914404284953463 ], [ 8.489501826712122, 53.914344406666807 ], [ 8.489750389955146, 53.914332618983828 ], [ 8.489758213622176, 53.914390212370876 ] ] ] } }
  ]
  }
  
  '''
# ---
# name: test_extract_all_surface_types
  '{"type": "FeatureCollection", "features": [{"id": "DEHH_00000001-0000-2001-b538-8763db60db60", "type": "Feature", "properties": {"lage": "1000", "bodenhoehe": "1300", "surface_type": "ground"}, "geometry": {"type": "Polygon", "coordinates": [[[8.495865635956811, 53.9159324157615], [8.495879797235796, 53.91595627583045], [8.49594912277142, 53.91594192513098], [8.49593494623328, 53.91591806500617], [8.495865635956811, 53.9159324157615]]]}}, {"id": "DEHH_00000002-0000-2001-b538-8763db60db60", "type": "Feature", "properties": {"lage": "1000", "bodenhoehe": "1300", "surface_type": "ground"}, "geometry": {"type": "Polygon", "coordinates": [[[8.489742551194936, 53.914275016543385], [8.489445805017125, 53.91428909807706], [8.489461466742043, 53.91440428495346], [8.489758213622176, 53.914390212370876], [8.489742551194936, 53.914275016543385]]]}}]}'
# ---
# name: test_extract_all_surface_types.1
  '{"type": "FeatureCollection", "features": [{"id": "DEHH_00000001-0007-2000-b538-8763db60db60", "type": "Feature", "properties": {"dachhoehe": "5000", "measuredHeight": "3.726", "surface_type": "roof"}, "geometry": {"type": "Polygon", "coordinates": [[[8.495879797235796, 53.91595627583045], [8.495865635956811, 53.9159324157615], [8.495900298659025, 53.91592524491465], [8.495914459955397, 53.915949104979575], [8.495879797235796, 53.91595627583045]]]}}, {"id": "DEHH_00000001-0008-2000-b538-8763db60db60", "type": "Feature", "properties": {"dachhoehe": "5000", "measuredHeight": "3.726", "surface_type": "roof"}, "geometry": {"type": "Polygon", "coordinates": [[[8.49593494623328, 53.91591806500617], [8.49594912277142, 53.91594192513098], [8.495914459955397, 53.915949104979575], [8.495900298659025, 53.91592524491465], [8.49593494623328, 53.91591806500617]]]}}, {"id": "DEHH_00000002-0005-2000-b538-8763db60db60", "type": "Feature", "properties": {"dachhoehe": "5000", "measuredHeight": "8.968", "surface_type": "roof"}, "geometry": {"type": "Polygon", "coordinates": [[[8.489461466742043, 53.91440428495346], [8.489445805017125, 53.91428909807706], [8.489501826712122, 53.91434440666681], [8.489461466742043, 53.91440428495346]]]}}, {"id": "DEHH_00000002-0007-2000-b538-8763db60db60", "type": "Feature", "properties": {"dachhoehe": "5000", "measuredHeight": "8.968", "surface_type": "roof"}, "geometry": {"type": "Polygon", "coordinates": [[[8.489445805017125, 53.91428909807706], [8.489742551194936, 53.914275016543385], [8.489750389955146, 53.91433261898383], [8.489501826712122, 53.91434440666681], [8.489445805017125, 53.91428909807706]]]}}, {"id": "DEHH_00000002-0008-2000-b538-8763db60db60", "type": "Feature", "properties": {"dachhoehe": "5000", "measuredHeight": "8.968", "surface_type": "roof"}, "geometry": {"type": "Polygon", "coordinates": [[[8.489758213622176, 53.914390212370876], [8.489461466742043, 53.91440428495346], [8.489501826712122, 53.91434440666681], [8.489750389955146, 53.91433261898383], [8.489758213622176, 53.914390212370876]]]}}]}'
# ---
